// Jest Snapshot v1, https://goo.gl/fbAQLP

exports[`renders correctly 1`] = `
<View>
  <TextInput
    autoCapitalize="none"
    autoCorrect={false}
    multiline={true}
    style={
      Array [
        undefined,
        Object {
          "textAlignVertical": "top",
        },
      ]
    }
  />
</View>
`;
